{
  "configuration": "preserve_s43_budget_gelu_n2048",
  "fit_n": 200000,
  "gate_n": 200000,
  "degree": 7,
  "fit": {
    "frozen": {
      "mean_abs": 0.31242060855342707,
      "p95_abs": 0.6312103661576923,
      "max_abs": 0.6375340192079982,
      "central_mean_abs": 0.5446063434853561
    },
    "empirical": {
      "mean_abs": 0.11064696711678478,
      "p95_abs": 0.20956295341254633,
      "max_abs": 4.187538483516787,
      "central_mean_abs": 0.11632888658502835
    },
    "input_quantiles": [
      -10.821925163269043,
      -5.7114966773986815,
      -3.7261892318725587,
      -1.4330031871795654,
      0.5987058222293857,
      3.1312525177002,
      10.535923957824707
    ],
    "outside_frozen_domain_fraction": 0.0
  },
  "gate": {
    "frozen": {
      "mean_abs": 0.3117993252935849,
      "p95_abs": 0.631221595645715,
      "max_abs": 0.6375340228433811,
      "central_mean_abs": 0.5448722551890864
    },
    "empirical": {
      "mean_abs": 0.11039059965311429,
      "p95_abs": 0.2094732013057646,
      "max_abs": 5.228095746505234,
      "central_mean_abs": 0.11647484982516461
    },
    "input_quantiles": [
      -11.673420906066895,
      -5.734017071723938,
      -3.735374069213867,
      -1.4445071816444397,
      0.5942857205867772,
      3.1520019841194413,
      11.120640754699707
    ],
    "outside_frozen_domain_fraction": 0.0
  },
  "gate_block0": {
    "n": 2048,
    "accuracy_percent": [
      98.193359375,
      22.75390625,
      88.671875
    ],
    "invalid_images": [
      0,
      0,
      0
    ],
    "order": [
      "native",
      "block0_frozen_fit",
      "block0_empirical_fit"
    ]
  }
}
