{
  "configuration": "preserve_s44_budget_gelu_n2048",
  "fit_n": 200000,
  "gate_n": 200000,
  "degree": 7,
  "fit": {
    "frozen": {
      "mean_abs": 0.3393158243269376,
      "p95_abs": 0.680949371145127,
      "max_abs": 0.6867140124457088,
      "central_mean_abs": 0.5937232335503998
    },
    "empirical": {
      "mean_abs": 0.11421268576931957,
      "p95_abs": 0.220353337347676,
      "max_abs": 4.938719611732401,
      "central_mean_abs": 0.12074437740094447
    },
    "input_quantiles": [
      -11.804713249206543,
      -5.653213768005371,
      -3.6626187801361083,
      -1.3456949591636658,
      0.671374261379242,
      3.258761682510378,
      10.548251152038574
    ],
    "outside_frozen_domain_fraction": 0.0
  },
  "gate": {
    "frozen": {
      "mean_abs": 0.33909547071993906,
      "p95_abs": 0.6808666011153576,
      "max_abs": 0.6867140079705037,
      "central_mean_abs": 0.5935542415862103
    },
    "empirical": {
      "mean_abs": 0.1145809222254834,
      "p95_abs": 0.22037260009771376,
      "max_abs": 5.061082689898122,
      "central_mean_abs": 0.12032007638214913
    },
    "input_quantiles": [
      -11.500484466552734,
      -5.653634638786316,
      -3.6674922227859494,
      -1.3406257629394531,
      0.6856397390365602,
      3.304048128128052,
      12.025778770446777
    ],
    "outside_frozen_domain_fraction": 0.0
  },
  "gate_block0": {
    "n": 2048,
    "accuracy_percent": [
      98.583984375,
      23.291015625,
      87.646484375
    ],
    "invalid_images": [
      0,
      0,
      0
    ],
    "order": [
      "native",
      "block0_frozen_fit",
      "block0_empirical_fit"
    ]
  }
}
