{
  "configuration": "preserve_s42_budget_gelu_n2048",
  "fit_n": 200000,
  "gate_n": 200000,
  "degree": 7,
  "fit": {
    "frozen": {
      "mean_abs": 0.304349224871589,
      "p95_abs": 0.6279257671245849,
      "max_abs": 0.6338628900528588,
      "central_mean_abs": 0.544609498705662
    },
    "empirical": {
      "mean_abs": 0.10735096834846769,
      "p95_abs": 0.2007723753122699,
      "max_abs": 5.817254032145284,
      "central_mean_abs": 0.11355424633562956
    },
    "input_quantiles": [
      -12.227531433105469,
      -5.681228723526001,
      -3.6860227584838867,
      -1.4214507937431335,
      0.601460295915605,
      3.2939465117454834,
      11.329167366027832
    ],
    "outside_frozen_domain_fraction": 0.0
  },
  "gate": {
    "frozen": {
      "mean_abs": 0.30491594233634484,
      "p95_abs": 0.6278445174225266,
      "max_abs": 0.6338628889518456,
      "central_mean_abs": 0.5438007496948731
    },
    "empirical": {
      "mean_abs": 0.10727345987711966,
      "p95_abs": 0.20080726439070742,
      "max_abs": 7.965223474619286,
      "central_mean_abs": 0.11303489691102629
    },
    "input_quantiles": [
      -11.712623596191406,
      -5.694960932731629,
      -3.6914389371871947,
      -1.4059520959854126,
      0.6188074707984925,
      3.3098388981819156,
      12.163542747497559
    ],
    "outside_frozen_domain_fraction": 0.0
  },
  "gate_block0": {
    "n": 2048,
    "accuracy_percent": [
      99.072265625,
      27.1484375,
      89.501953125
    ],
    "invalid_images": [
      0,
      0,
      0
    ],
    "order": [
      "native",
      "block0_frozen_fit",
      "block0_empirical_fit"
    ]
  }
}
